// Jest Snapshot v1, https://goo.gl/fbAQLP

exports[`HomeScreen Should match the snapshot 1`] = `ShallowWrapper {}`;
