// Jest Snapshot v1, https://goo.gl/fbAQLP

exports[`UserForm Should match the snapshot as a log in form 1`] = `ShallowWrapper {}`;

exports[`UserForm Should match the snapshot as a sign up form 1`] = `ShallowWrapper {}`;
