// Jest Snapshot v1, https://goo.gl/fbAQLP

exports[`Poster Should match the snapshot 1`] = `ShallowWrapper {}`;
